2026-06-10 08:35:34,344	vi_speaker_merged	INFO	{'train': {'log_interval': 200, 'eval_interval': 3000, 'seed': 52, 'epochs': 10000, 'learning_rate': 0.0003, 'betas': [0.8, 0.99], 'eps': 1e-09, 'batch_size': 6, 'fp16_run': False, 'lr_decay': 0.999875, 'segment_size': 16384, 'init_lr_ratio': 1, 'warmup_epochs': 0, 'c_mel': 45, 'c_kl': 1.0, 'skip_optimizer': True, 'device': 'cuda:0'}, 'data': {'training_files': '/content/vits2-melo/melo/data/vi_speaker_44100_merged/train.list', 'validation_files': '/content/vits2-melo/melo/data/vi_speaker_44100_merged/val.list', 'max_wav_value': 32768.0, 'sampling_rate': 44100, 'filter_length': 2048, 'hop_length': 512, 'win_length': 2048, 'n_mel_channels': 128, 'mel_fmin': 0.0, 'mel_fmax': None, 'add_blank': True, 'n_speakers': 256, 'cleaned_text': True, 'spk2id': {'VI-default': 0}}, 'model': {'use_spk_conditioned_encoder': True, 'use_noise_scaled_mas': True, 'use_mel_posterior_encoder': False, 'use_duration_discriminator': True, 'inter_channels': 192, 'hidden_channels': 192, 'filter_channels': 768, 'n_heads': 2, 'n_layers': 6, 'n_layers_trans_flow': 3, 'kernel_size': 3, 'p_dropout': 0.1, 'resblock': '1', 'resblock_kernel_sizes': [3, 7, 11], 'resblock_dilation_sizes': [[1, 3, 5], [1, 3, 5], [1, 3, 5]], 'upsample_rates': [8, 8, 2, 2, 2], 'upsample_initial_channel': 512, 'upsample_kernel_sizes': [16, 16, 8, 2, 2], 'n_layers_q': 3, 'use_spectral_norm': False, 'gin_channels': 256}, 'device': 'cuda:0', 'num_languages': 10, 'num_tones': 24, 'symbols': ['_', '"', '(', ')', '*', '/', ':', 'AA', 'E', 'EE', 'En', 'N', 'OO', 'Q', 'V', '[', '\\', ']', '^', 'a', 'a:', 'aa', 'ae', 'ah', 'ai', 'an', 'ang', 'ao', 'aw', 'ay', 'b', 'by', 'c', 'ch', 'd', 'dh', 'dy', 'e', 'e:', 'eh', 'ei', 'en', 'eng', 'er', 'ey', 'f', 'g', 'gy', 'h', 'hh', 'hy', 'i', 'i0', 'i:', 'ia', 'ian', 'iang', 'iao', 'ie', 'ih', 'in', 'ing', 'iong', 'ir', 'iu', 'iy', 'j', 'jh', 'k', 'ky', 'l', 'm', 'my', 'n', 'ng', 'ny', 'o', 'o:', 'ong', 'ou', 'ow', 'oy', 'p', 'py', 'q', 'r', 'ry', 's', 'sh', 't', 'th', 'ts', 'ty', 'u', 'u:', 'ua', 'uai', 'uan', 'uang', 'uh', 'ui', 'un', 'uo', 'uw', 'v', 'van', 've', 'vn', 'w', 'x', 'y', 'z', 'zh', 'zy', '~', '¡', '¿', 'æ', 'ç', 'ð', 'ø', 'ŋ', 'œ', 'ɐ', 'ɑ', 'ɒ', 'ɔ', 'ɕ', 'ə', 'ɛ', 'ɜ', 'ɡ', 'ɣ', 'ɥ', 'ɦ', 'ɪ', 'ɫ', 'ɬ', 'ɭ', 'ɯ', 'ɲ', 'ɵ', 'ɸ', 'ɹ', 'ɾ', 'ʁ', 'ʃ', 'ʊ', 'ʌ', 'ʎ', 'ʏ', 'ʑ', 'ʒ', 'ʝ', 'ʲ', 'ˈ', 'ˌ', 'ː', '̃', '̩', 'β', 'θ', 'ᄀ', 'k͡p', 'ˈa', 'ɤ', 'ˈɛ', 'ˈi', 'ă', 'ˈe', 'ʔ', 'ŋ͡m', 'tʰ', 'ɤ̆', 'ᄌ', 'ᄍ', 'ᄎ', 'ᄏ', 'ᄐ', 'ᄑ', 'ᄒ', 'ᅡ', 'ᅢ', 'ᅣ', 'ᅤ', 'ᅥ', 'ᅦ', 'ᅧ', 'ᅨ', 'ᅩ', 'ᅪ', 'ᅫ', 'ᅬ', 'ᅭ', 'ᅮ', 'ᅯ', 'ᅰ', 'ᅱ', 'ᅲ', 'ᅳ', 'ᅴ', 'ᅵ', 'ᆨ', 'ᆫ', 'ᆮ', 'ᆯ', 'ᆷ', 'ᆸ', 'ᆼ', 'ㄸ', '!', '?', '…', ',', '.', "'", '-', 'SP', 'UNK'], 'model_dir': './logs/vi_speaker_merged', 'pretrain_G': None, 'pretrain_D': None, 'pretrain_dur': None, 'port': 10000}
2026-06-10 08:35:34,345	vi_speaker_merged	WARNING	/content/vits2-melo/melo is not a git repository, therefore hash value comparison will be ignored.
2026-06-10 08:35:39,276	vi_speaker_merged	INFO	Loaded checkpoint './logs/vi_speaker_merged/DUR_0.pth' (iteration 1)
2026-06-10 08:35:42,072	vi_speaker_merged	INFO	Loaded checkpoint './logs/vi_speaker_merged/G_0.pth' (iteration 1)
2026-06-10 08:35:44,303	vi_speaker_merged	INFO	Loaded checkpoint './logs/vi_speaker_merged/D_0.pth' (iteration 1)
2026-06-10 08:36:11,053	vi_speaker_merged	INFO	Train Epoch: 1 [0%]
2026-06-10 08:36:11,058	vi_speaker_merged	INFO	[4.483315467834473, 4.744988441467285, 24.187902450561523, 21.824462890625, 2.5763285160064697, 6.533549785614014, 0, 0.0003]
2026-06-10 08:44:31,971	vi_speaker_merged	INFO	Saving model and optimizer state at iteration 1 to ./logs/vi_speaker_merged/G_0.pth
2026-06-10 08:45:56,146	vi_speaker_merged	INFO	Saving model and optimizer state at iteration 1 to ./logs/vi_speaker_merged/D_0.pth
2026-06-10 08:46:38,623	vi_speaker_merged	INFO	Saving model and optimizer state at iteration 1 to ./logs/vi_speaker_merged/DUR_0.pth
2026-06-10 08:53:17,844	vi_speaker_merged	INFO	Train Epoch: 1 [12%]
2026-06-10 08:53:17,847	vi_speaker_merged	INFO	[2.2392284870147705, 2.875579357147217, 22.582597732543945, 18.645437240600586, 2.350102663040161, 2.4708452224731445, 200, 0.0003]
2026-06-10 08:58:58,062	vi_speaker_merged	INFO	Train Epoch: 1 [24%]
2026-06-10 08:58:58,064	vi_speaker_merged	INFO	[2.2070183753967285, 2.6691412925720215, 21.24509620666504, 18.22258949279785, 2.289961338043213, 2.337733030319214, 400, 0.0003]
2026-06-10 09:04:24,536	vi_speaker_merged	INFO	Train Epoch: 1 [36%]
2026-06-10 09:04:24,542	vi_speaker_merged	INFO	[2.3869359493255615, 3.019519805908203, 17.138883590698242, 16.485095977783203, 2.2169947624206543, 2.2255637645721436, 600, 0.0003]
2026-06-10 09:09:50,157	vi_speaker_merged	INFO	Train Epoch: 1 [48%]
2026-06-10 09:09:50,162	vi_speaker_merged	INFO	[2.2912216186523438, 2.636972188949585, 23.358531951904297, 17.947797775268555, 2.093135118484497, 2.2100846767425537, 800, 0.0003]
2026-06-10 09:15:09,483	vi_speaker_merged	INFO	Train Epoch: 1 [60%]
2026-06-10 09:15:09,486	vi_speaker_merged	INFO	[2.4873547554016113, 3.0306410789489746, 21.558923721313477, 19.086925506591797, 2.0835375785827637, 1.778309941291809, 1000, 0.0003]
2026-06-10 09:20:34,890	vi_speaker_merged	INFO	Train Epoch: 1 [72%]
2026-06-10 09:20:34,895	vi_speaker_merged	INFO	[2.3873705863952637, 2.850926637649536, 16.505712509155273, 15.685895919799805, 2.0456831455230713, 1.7521008253097534, 1200, 0.0003]
2026-06-10 09:25:42,577	vi_speaker_merged	INFO	Train Epoch: 1 [84%]
2026-06-10 09:25:43,284	vi_speaker_merged	INFO	[2.1967720985412598, 2.441138982772827, 21.57417106628418, 18.865253448486328, 1.9809726476669312, 2.1401851177215576, 1400, 0.0003]
2026-06-10 09:30:56,050	vi_speaker_merged	INFO	Train Epoch: 1 [96%]
2026-06-10 09:30:56,055	vi_speaker_merged	INFO	[2.156569480895996, 3.1143670082092285, 20.86532211303711, 18.136062622070312, 1.9960672855377197, 1.8977975845336914, 1600, 0.0003]
2026-06-10 09:32:32,673	vi_speaker_merged	INFO	====> Epoch: 1
2026-06-10 09:36:11,647	vi_speaker_merged	INFO	Train Epoch: 2 [8%]
2026-06-10 09:36:11,650	vi_speaker_merged	INFO	[2.029899835586548, 3.260831356048584, 20.18680763244629, 16.810352325439453, 2.0059382915496826, 1.8155306577682495, 1800, 0.0002999625]
2026-06-10 09:41:16,434	vi_speaker_merged	INFO	Train Epoch: 2 [20%]
2026-06-10 09:41:16,436	vi_speaker_merged	INFO	[2.038775682449341, 3.2191579341888428, 19.65867805480957, 17.10700035095215, 1.9170509576797485, 2.1500425338745117, 2000, 0.0002999625]
2026-06-10 09:46:26,936	vi_speaker_merged	INFO	Train Epoch: 2 [32%]
2026-06-10 09:46:26,938	vi_speaker_merged	INFO	[2.4260804653167725, 2.6279680728912354, 20.94409942626953, 19.80634307861328, 1.959101676940918, 1.6211096048355103, 2200, 0.0002999625]
2026-06-10 09:51:46,244	vi_speaker_merged	INFO	Train Epoch: 2 [44%]
2026-06-10 09:51:46,327	vi_speaker_merged	INFO	[2.5626590251922607, 2.7229621410369873, 17.17119598388672, 17.042932510375977, 1.8405818939208984, 1.710543155670166, 2400, 0.0002999625]
2026-06-10 09:56:57,208	vi_speaker_merged	INFO	Train Epoch: 2 [56%]
2026-06-10 09:56:57,214	vi_speaker_merged	INFO	[2.5134644508361816, 2.5641403198242188, 18.95248794555664, 18.711254119873047, 1.8238203525543213, 1.8064683675765991, 2600, 0.0002999625]
2026-06-10 10:02:07,816	vi_speaker_merged	INFO	Train Epoch: 2 [68%]
2026-06-10 10:02:07,819	vi_speaker_merged	INFO	[2.3782477378845215, 2.5926105976104736, 17.809186935424805, 15.78970718383789, 1.8981475830078125, 1.7578449249267578, 2800, 0.0002999625]
2026-06-10 10:07:18,627	vi_speaker_merged	INFO	Train Epoch: 2 [80%]
2026-06-10 10:07:18,633	vi_speaker_merged	INFO	[2.2044169902801514, 3.387989044189453, 20.34015464782715, 18.914939880371094, 1.7846368551254272, 1.6486737728118896, 3000, 0.0002999625]
2026-06-10 10:17:38,424	vi_speaker_merged	INFO	Saving model and optimizer state at iteration 2 to ./logs/vi_speaker_merged/G_3000.pth
2026-06-10 10:18:44,979	vi_speaker_merged	INFO	Saving model and optimizer state at iteration 2 to ./logs/vi_speaker_merged/D_3000.pth
2026-06-10 10:20:06,163	vi_speaker_merged	INFO	Saving model and optimizer state at iteration 2 to ./logs/vi_speaker_merged/DUR_3000.pth
2026-06-10 10:25:23,845	vi_speaker_merged	INFO	Train Epoch: 2 [92%]
2026-06-10 10:25:24,250	vi_speaker_merged	INFO	[2.313373327255249, 3.0359811782836914, 19.089197158813477, 18.039072036743164, 1.9200193881988525, 1.5059312582015991, 3200, 0.0002999625]
2026-06-10 10:28:45,289	vi_speaker_merged	INFO	====> Epoch: 2
2026-06-10 10:30:57,849	vi_speaker_merged	INFO	Train Epoch: 3 [4%]
2026-06-10 10:30:58,753	vi_speaker_merged	INFO	[1.8390907049179077, 3.153095245361328, 22.52239418029785, 19.85418128967285, 1.7979021072387695, 1.5389598608016968, 3400, 0.0002999250046875]
2026-06-10 10:36:33,330	vi_speaker_merged	INFO	Train Epoch: 3 [16%]
2026-06-10 10:36:34,561	vi_speaker_merged	INFO	[2.2597312927246094, 2.7118568420410156, 21.13268280029297, 19.038301467895508, 1.8034241199493408, 1.4229212999343872, 3600, 0.0002999250046875]
2026-06-10 10:42:11,152	vi_speaker_merged	INFO	Train Epoch: 3 [29%]
2026-06-10 10:42:11,157	vi_speaker_merged	INFO	[2.0539662837982178, 3.2191762924194336, 21.720457077026367, 19.797849655151367, 1.7388558387756348, 1.5313045978546143, 3800, 0.0002999250046875]
2026-06-10 10:47:51,656	vi_speaker_merged	INFO	Train Epoch: 3 [41%]
2026-06-10 10:47:51,660	vi_speaker_merged	INFO	[2.1658935546875, 2.698355197906494, 17.01532745361328, 15.89494800567627, 1.796950340270996, 1.455541729927063, 4000, 0.0002999250046875]
2026-06-10 10:53:27,833	vi_speaker_merged	INFO	Train Epoch: 3 [53%]
2026-06-10 10:53:27,844	vi_speaker_merged	INFO	[2.4397640228271484, 2.6929798126220703, 15.493706703186035, 15.562345504760742, 1.7140175104141235, 1.6168185472488403, 4200, 0.0002999250046875]
2026-06-10 10:59:05,610	vi_speaker_merged	INFO	Train Epoch: 3 [65%]
2026-06-10 10:59:05,617	vi_speaker_merged	INFO	[2.403064250946045, 2.6126537322998047, 15.407098770141602, 15.16634464263916, 1.7891900539398193, 1.5793673992156982, 4400, 0.0002999250046875]
2026-06-10 11:04:34,611	vi_speaker_merged	INFO	Train Epoch: 3 [77%]
2026-06-10 11:04:37,367	vi_speaker_merged	INFO	[2.3305673599243164, 2.726369857788086, 19.300588607788086, 19.390153884887695, 1.8015024662017822, 1.3293280601501465, 4600, 0.0002999250046875]
2026-06-10 11:09:59,430	vi_speaker_merged	INFO	Train Epoch: 3 [89%]
2026-06-10 11:09:59,435	vi_speaker_merged	INFO	[2.117135763168335, 2.832780599594116, 17.809396743774414, 16.966312408447266, 1.8329464197158813, 1.506508231163025, 4800, 0.0002999250046875]
2026-06-10 11:14:55,448	vi_speaker_merged	INFO	====> Epoch: 3
2026-06-10 11:15:22,247	vi_speaker_merged	INFO	Train Epoch: 4 [1%]
2026-06-10 11:15:24,349	vi_speaker_merged	INFO	[2.112689971923828, 3.122911214828491, 19.079914093017578, 18.48417854309082, 1.7614126205444336, 1.5655869245529175, 5000, 0.00029988751406191406]
2026-06-10 11:20:54,068	vi_speaker_merged	INFO	Train Epoch: 4 [13%]
2026-06-10 11:20:54,703	vi_speaker_merged	INFO	[2.1835601329803467, 2.9591336250305176, 21.323686599731445, 18.802488327026367, 1.7914447784423828, 1.6097427606582642, 5200, 0.00029988751406191406]
2026-06-10 11:26:13,237	vi_speaker_merged	INFO	Train Epoch: 4 [25%]
2026-06-10 11:26:13,244	vi_speaker_merged	INFO	[1.944981336593628, 3.3254637718200684, 20.549978256225586, 16.58131980895996, 1.7917921543121338, 1.496837854385376, 5400, 0.00029988751406191406]
2026-06-10 11:31:29,416	vi_speaker_merged	INFO	Train Epoch: 4 [37%]
2026-06-10 11:31:29,418	vi_speaker_merged	INFO	[2.1912717819213867, 2.7489848136901855, 18.480327606201172, 19.251798629760742, 1.7212008237838745, 1.3220418691635132, 5600, 0.00029988751406191406]
2026-06-10 11:36:53,302	vi_speaker_merged	INFO	Train Epoch: 4 [49%]
2026-06-10 11:36:53,365	vi_speaker_merged	INFO	[2.039989709854126, 2.7653186321258545, 20.771333694458008, 19.719804763793945, 1.8519799709320068, 1.7011468410491943, 5800, 0.00029988751406191406]
2026-06-10 11:42:16,623	vi_speaker_merged	INFO	Train Epoch: 4 [61%]
2026-06-10 11:42:18,874	vi_speaker_merged	INFO	[2.2491703033447266, 2.6998372077941895, 19.105079650878906, 19.375675201416016, 1.7144997119903564, 1.4889562129974365, 6000, 0.00029988751406191406]
2026-06-10 11:51:31,875	vi_speaker_merged	INFO	Saving model and optimizer state at iteration 4 to ./logs/vi_speaker_merged/G_6000.pth
2026-06-10 11:52:56,070	vi_speaker_merged	INFO	Saving model and optimizer state at iteration 4 to ./logs/vi_speaker_merged/D_6000.pth
2026-06-10 11:54:07,712	vi_speaker_merged	INFO	Saving model and optimizer state at iteration 4 to ./logs/vi_speaker_merged/DUR_6000.pth
2026-06-10 11:59:25,134	vi_speaker_merged	INFO	Train Epoch: 4 [73%]
2026-06-10 11:59:27,772	vi_speaker_merged	INFO	[2.2063469886779785, 2.910942316055298, 17.662817001342773, 16.58578872680664, 1.828525185585022, 1.469244360923767, 6200, 0.00029988751406191406]
2026-06-10 12:04:51,481	vi_speaker_merged	INFO	Train Epoch: 4 [85%]
2026-06-10 12:04:51,486	vi_speaker_merged	INFO	[2.121892213821411, 3.0831732749938965, 19.258472442626953, 16.616779327392578, 1.7488945722579956, 1.699076771736145, 6400, 0.00029988751406191406]
2026-06-10 12:10:15,447	vi_speaker_merged	INFO	Train Epoch: 4 [97%]
2026-06-10 12:10:15,454	vi_speaker_merged	INFO	[2.4163389205932617, 2.4424526691436768, 13.955437660217285, 14.886396408081055, 1.6892738342285156, 1.3263107538223267, 6600, 0.00029988751406191406]
2026-06-10 12:11:35,316	vi_speaker_merged	INFO	====> Epoch: 4
2026-06-10 12:15:58,972	vi_speaker_merged	INFO	Train Epoch: 5 [9%]
2026-06-10 12:15:58,974	vi_speaker_merged	INFO	[2.5020551681518555, 2.963982582092285, 16.20213508605957, 17.157516479492188, 1.8577240705490112, 1.4882193803787231, 6800, 0.00029985002812265633]
2026-06-10 12:21:39,128	vi_speaker_merged	INFO	Train Epoch: 5 [21%]
2026-06-10 12:21:40,772	vi_speaker_merged	INFO	[2.228085517883301, 2.979518413543701, 17.554542541503906, 17.421802520751953, 1.7052721977233887, 1.3950239419937134, 7000, 0.00029985002812265633]
2026-06-10 12:27:12,281	vi_speaker_merged	INFO	Train Epoch: 5 [33%]
2026-06-10 12:27:13,698	vi_speaker_merged	INFO	[2.0414905548095703, 3.0656280517578125, 22.809736251831055, 20.822940826416016, 1.686635971069336, 1.5706655979156494, 7200, 0.00029985002812265633]
2026-06-10 12:32:33,955	vi_speaker_merged	INFO	Train Epoch: 5 [45%]
2026-06-10 12:32:34,136	vi_speaker_merged	INFO	[2.3896946907043457, 2.549319267272949, 17.30087661743164, 18.06825828552246, 1.7351105213165283, 1.3133296966552734, 7400, 0.00029985002812265633]
2026-06-10 12:37:53,558	vi_speaker_merged	INFO	Train Epoch: 5 [57%]
2026-06-10 12:37:53,562	vi_speaker_merged	INFO	[2.289156436920166, 3.191779851913452, 16.29702377319336, 16.42499351501465, 1.805522084236145, 1.342297911643982, 7600, 0.00029985002812265633]
2026-06-10 12:43:26,616	vi_speaker_merged	INFO	Train Epoch: 5 [69%]
2026-06-10 12:43:26,620	vi_speaker_merged	INFO	[2.071141242980957, 3.2872350215911865, 15.60551929473877, 15.396161079406738, 1.7468783855438232, 1.3322370052337646, 7800, 0.00029985002812265633]
2026-06-10 12:48:53,017	vi_speaker_merged	INFO	Train Epoch: 5 [81%]
2026-06-10 12:48:53,211	vi_speaker_merged	INFO	[2.4241979122161865, 3.181504249572754, 16.71843147277832, 17.819860458374023, 1.7300028800964355, 1.1536661386489868, 8000, 0.00029985002812265633]
2026-06-10 12:54:17,039	vi_speaker_merged	INFO	Train Epoch: 5 [93%]
2026-06-10 12:54:17,069	vi_speaker_merged	INFO	[2.5280556678771973, 2.388049602508545, 13.942008018493652, 14.008092880249023, 1.7036159038543701, 1.5651626586914062, 8200, 0.00029985002812265633]
2026-06-10 12:57:17,663	vi_speaker_merged	INFO	====> Epoch: 5
2026-06-10 12:59:53,597	vi_speaker_merged	INFO	Train Epoch: 6 [5%]
2026-06-10 12:59:54,162	vi_speaker_merged	INFO	[2.1577770709991455, 2.7126352787017822, 16.83793067932129, 17.605079650878906, 1.660237431526184, 1.383059024810791, 8400, 0.000299812546869141]
2026-06-10 13:05:31,959	vi_speaker_merged	INFO	Train Epoch: 6 [17%]
2026-06-10 13:05:31,969	vi_speaker_merged	INFO	[2.659071922302246, 2.4385433197021484, 15.888811111450195, 15.46277141571045, 1.7659732103347778, 1.4121851921081543, 8600, 0.000299812546869141]
2026-06-10 13:11:04,486	vi_speaker_merged	INFO	Train Epoch: 6 [29%]
2026-06-10 13:11:04,505	vi_speaker_merged	INFO	[2.1690094470977783, 3.0598223209381104, 20.13810920715332, 18.223081588745117, 1.7030032873153687, 1.367775559425354, 8800, 0.000299812546869141]
2026-06-10 13:16:19,434	vi_speaker_merged	INFO	Train Epoch: 6 [41%]
2026-06-10 13:16:19,439	vi_speaker_merged	INFO	[1.7576186656951904, 2.966935157775879, 20.61566162109375, 19.118972778320312, 1.7870548963546753, 1.4691071510314941, 9000, 0.000299812546869141]
2026-06-10 13:25:07,088	vi_speaker_merged	INFO	Saving model and optimizer state at iteration 6 to ./logs/vi_speaker_merged/G_9000.pth
2026-06-10 13:26:17,947	vi_speaker_merged	INFO	Saving model and optimizer state at iteration 6 to ./logs/vi_speaker_merged/D_9000.pth
2026-06-10 13:27:33,717	vi_speaker_merged	INFO	Saving model and optimizer state at iteration 6 to ./logs/vi_speaker_merged/DUR_9000.pth
2026-06-10 13:27:33,754	vi_speaker_merged	INFO	.. Free up space by deleting ckpt ./logs/vi_speaker_merged/D_3000.pth
2026-06-10 16:07:16,171	vi_speaker_merged	INFO	{'train': {'log_interval': 200, 'eval_interval': 2000, 'seed': 52, 'epochs': 10000, 'learning_rate': 0.0003, 'betas': [0.8, 0.99], 'eps': 1e-09, 'batch_size': 8, 'fp16_run': False, 'lr_decay': 0.999875, 'segment_size': 16384, 'init_lr_ratio': 1, 'warmup_epochs': 0, 'c_mel': 45, 'c_kl': 1.0, 'skip_optimizer': True, 'device': 'cuda:0'}, 'data': {'training_files': '/content/vits2-melo/melo/data/vi_speaker_44100_merged/train.list', 'validation_files': '/content/vits2-melo/melo/data/vi_speaker_44100_merged/val.list', 'max_wav_value': 32768.0, 'sampling_rate': 44100, 'filter_length': 2048, 'hop_length': 512, 'win_length': 2048, 'n_mel_channels': 128, 'mel_fmin': 0.0, 'mel_fmax': None, 'add_blank': True, 'n_speakers': 256, 'cleaned_text': True, 'spk2id': {'VI-default': 0}}, 'model': {'use_spk_conditioned_encoder': True, 'use_noise_scaled_mas': True, 'use_mel_posterior_encoder': False, 'use_duration_discriminator': True, 'inter_channels': 192, 'hidden_channels': 192, 'filter_channels': 768, 'n_heads': 2, 'n_layers': 6, 'n_layers_trans_flow': 3, 'kernel_size': 3, 'p_dropout': 0.1, 'resblock': '1', 'resblock_kernel_sizes': [3, 7, 11], 'resblock_dilation_sizes': [[1, 3, 5], [1, 3, 5], [1, 3, 5]], 'upsample_rates': [8, 8, 2, 2, 2], 'upsample_initial_channel': 512, 'upsample_kernel_sizes': [16, 16, 8, 2, 2], 'n_layers_q': 3, 'use_spectral_norm': False, 'gin_channels': 256}, 'device': 'cuda:0', 'num_languages': 10, 'num_tones': 24, 'symbols': ['_', '"', '(', ')', '*', '/', ':', 'AA', 'E', 'EE', 'En', 'N', 'OO', 'Q', 'V', '[', '\\', ']', '^', 'a', 'a:', 'aa', 'ae', 'ah', 'ai', 'an', 'ang', 'ao', 'aw', 'ay', 'b', 'by', 'c', 'ch', 'd', 'dh', 'dy', 'e', 'e:', 'eh', 'ei', 'en', 'eng', 'er', 'ey', 'f', 'g', 'gy', 'h', 'hh', 'hy', 'i', 'i0', 'i:', 'ia', 'ian', 'iang', 'iao', 'ie', 'ih', 'in', 'ing', 'iong', 'ir', 'iu', 'iy', 'j', 'jh', 'k', 'ky', 'l', 'm', 'my', 'n', 'ng', 'ny', 'o', 'o:', 'ong', 'ou', 'ow', 'oy', 'p', 'py', 'q', 'r', 'ry', 's', 'sh', 't', 'th', 'ts', 'ty', 'u', 'u:', 'ua', 'uai', 'uan', 'uang', 'uh', 'ui', 'un', 'uo', 'uw', 'v', 'van', 've', 'vn', 'w', 'x', 'y', 'z', 'zh', 'zy', '~', '¡', '¿', 'æ', 'ç', 'ð', 'ø', 'ŋ', 'œ', 'ɐ', 'ɑ', 'ɒ', 'ɔ', 'ɕ', 'ə', 'ɛ', 'ɜ', 'ɡ', 'ɣ', 'ɥ', 'ɦ', 'ɪ', 'ɫ', 'ɬ', 'ɭ', 'ɯ', 'ɲ', 'ɵ', 'ɸ', 'ɹ', 'ɾ', 'ʁ', 'ʃ', 'ʊ', 'ʌ', 'ʎ', 'ʏ', 'ʑ', 'ʒ', 'ʝ', 'ʲ', 'ˈ', 'ˌ', 'ː', '̃', '̩', 'β', 'θ', 'ᄀ', 'k͡p', 'ˈa', 'ɤ', 'ˈɛ', 'ˈi', 'ă', 'ˈe', 'ʔ', 'ŋ͡m', 'tʰ', 'ɤ̆', 'ᄌ', 'ᄍ', 'ᄎ', 'ᄏ', 'ᄐ', 'ᄑ', 'ᄒ', 'ᅡ', 'ᅢ', 'ᅣ', 'ᅤ', 'ᅥ', 'ᅦ', 'ᅧ', 'ᅨ', 'ᅩ', 'ᅪ', 'ᅫ', 'ᅬ', 'ᅭ', 'ᅮ', 'ᅯ', 'ᅰ', 'ᅱ', 'ᅲ', 'ᅳ', 'ᅴ', 'ᅵ', 'ᆨ', 'ᆫ', 'ᆮ', 'ᆯ', 'ᆷ', 'ᆸ', 'ᆼ', 'ㄸ', '!', '?', '…', ',', '.', "'", '-', 'SP', 'UNK'], 'model_dir': './logs/vi_speaker_merged', 'pretrain_G': None, 'pretrain_D': None, 'pretrain_dur': None, 'port': 10000}
2026-06-10 16:07:16,171	vi_speaker_merged	WARNING	/content/vits2-melo/melo is not a git repository, therefore hash value comparison will be ignored.
2026-06-10 16:07:21,756	vi_speaker_merged	INFO	Loaded checkpoint './logs/vi_speaker_merged/DUR_9000.pth' (iteration 6)
2026-06-10 16:07:24,179	vi_speaker_merged	INFO	Loaded checkpoint './logs/vi_speaker_merged/G_9000.pth' (iteration 6)
2026-06-10 16:07:25,919	vi_speaker_merged	INFO	Loaded checkpoint './logs/vi_speaker_merged/D_9000.pth' (iteration 6)
2026-06-10 16:14:10,266	vi_speaker_merged	INFO	Train Epoch: 6 [13%]
2026-06-10 16:14:10,272	vi_speaker_merged	INFO	[2.2266294956207275, 2.5603883266448975, 16.94283676147461, 15.920683860778809, 1.7603777647018433, 1.5286144018173218, 6400, 0.0003]
2026-06-10 16:20:48,681	vi_speaker_merged	INFO	Train Epoch: 6 [29%]
2026-06-10 16:20:48,684	vi_speaker_merged	INFO	[1.879876732826233, 3.0363636016845703, 18.346933364868164, 18.669584274291992, 1.6926941871643066, 1.3609544038772583, 6600, 0.0003]
2026-06-10 16:27:20,492	vi_speaker_merged	INFO	Train Epoch: 6 [45%]
2026-06-10 16:27:20,502	vi_speaker_merged	INFO	[2.2342727184295654, 2.6709468364715576, 17.321388244628906, 16.405174255371094, 1.6979269981384277, 1.382189154624939, 6800, 0.0003]
2026-06-10 16:33:55,987	vi_speaker_merged	INFO	Train Epoch: 6 [61%]
2026-06-10 16:33:55,994	vi_speaker_merged	INFO	[1.9550323486328125, 2.8803653717041016, 20.58588981628418, 18.89320182800293, 1.7162710428237915, 1.4785418510437012, 7000, 0.0003]
2026-06-10 16:40:31,312	vi_speaker_merged	INFO	Train Epoch: 6 [77%]
2026-06-10 16:40:31,322	vi_speaker_merged	INFO	[1.901007056236267, 3.2445497512817383, 19.622507095336914, 18.80192756652832, 1.7232667207717896, 1.500826358795166, 7200, 0.0003]
2026-06-10 16:47:00,650	vi_speaker_merged	INFO	Train Epoch: 6 [93%]
2026-06-10 16:47:00,652	vi_speaker_merged	INFO	[2.096999168395996, 2.611421585083008, 17.607810974121094, 17.615093231201172, 1.6543915271759033, 1.5070226192474365, 7400, 0.0003]
2026-06-10 16:49:50,490	vi_speaker_merged	INFO	====> Epoch: 6
2026-06-10 16:53:34,703	vi_speaker_merged	INFO	Train Epoch: 7 [9%]
2026-06-10 16:53:34,709	vi_speaker_merged	INFO	[2.1924376487731934, 2.7456889152526855, 16.80031394958496, 16.828298568725586, 1.6864978075027466, 1.4493809938430786, 7600, 0.0002999625]
2026-06-10 16:59:56,452	vi_speaker_merged	INFO	Train Epoch: 7 [25%]
2026-06-10 16:59:56,458	vi_speaker_merged	INFO	[2.2219913005828857, 2.8390066623687744, 17.444923400878906, 16.922382354736328, 1.7745163440704346, 1.5384289026260376, 7800, 0.0002999625]
2026-06-10 17:06:25,125	vi_speaker_merged	INFO	Train Epoch: 7 [41%]
2026-06-10 17:06:25,130	vi_speaker_merged	INFO	[2.1509156227111816, 2.819653034210205, 17.97835922241211, 17.954545974731445, 1.6784745454788208, 1.4179970026016235, 8000, 0.0002999625]
2026-06-10 17:16:50,503	vi_speaker_merged	INFO	Saving model and optimizer state at iteration 7 to ./logs/vi_speaker_merged/G_8000.pth
2026-06-10 17:17:48,519	vi_speaker_merged	INFO	Saving model and optimizer state at iteration 7 to ./logs/vi_speaker_merged/D_8000.pth
2026-06-10 17:18:39,786	vi_speaker_merged	INFO	Saving model and optimizer state at iteration 7 to ./logs/vi_speaker_merged/DUR_8000.pth
2026-06-10 17:25:16,499	vi_speaker_merged	INFO	Train Epoch: 7 [57%]
2026-06-10 17:25:16,505	vi_speaker_merged	INFO	[2.3421854972839355, 2.40903902053833, 10.752367973327637, 12.550533294677734, 1.75383722782135, 1.402093768119812, 8200, 0.0002999625]
2026-06-10 17:31:47,751	vi_speaker_merged	INFO	Train Epoch: 7 [73%]
2026-06-10 17:31:47,757	vi_speaker_merged	INFO	[2.0866191387176514, 2.951939821243286, 18.401866912841797, 16.794530868530273, 1.6610770225524902, 1.6397011280059814, 8400, 0.0002999625]
2026-06-10 17:38:20,639	vi_speaker_merged	INFO	Train Epoch: 7 [89%]
2026-06-10 17:38:21,202	vi_speaker_merged	INFO	[2.3303778171539307, 2.8276429176330566, 14.864137649536133, 15.9275484085083, 1.7548224925994873, 1.3671987056732178, 8600, 0.0002999625]
2026-06-10 17:42:42,670	vi_speaker_merged	INFO	====> Epoch: 7
2026-06-10 17:45:01,646	vi_speaker_merged	INFO	Train Epoch: 8 [5%]
2026-06-10 17:45:01,653	vi_speaker_merged	INFO	[2.101818561553955, 2.7412526607513428, 18.499706268310547, 16.499902725219727, 1.7177495956420898, 1.4937021732330322, 8800, 0.0002999250046875]
2026-06-10 17:51:32,122	vi_speaker_merged	INFO	Train Epoch: 8 [21%]
2026-06-10 17:51:32,146	vi_speaker_merged	INFO	[2.529426336288452, 2.333301067352295, 13.947537422180176, 14.7625093460083, 1.692493200302124, 1.2637947797775269, 9000, 0.0002999250046875]
2026-06-10 17:58:08,776	vi_speaker_merged	INFO	Train Epoch: 8 [37%]
2026-06-10 17:58:08,781	vi_speaker_merged	INFO	[1.992118000984192, 3.361748218536377, 19.37421226501465, 19.067941665649414, 1.6373871564865112, 1.6311709880828857, 9200, 0.0002999250046875]
2026-06-10 18:04:46,858	vi_speaker_merged	INFO	Train Epoch: 8 [53%]
2026-06-10 18:04:46,864	vi_speaker_merged	INFO	[2.01229190826416, 3.216308832168579, 18.326313018798828, 18.31683921813965, 1.6840472221374512, 1.1985422372817993, 9400, 0.0002999250046875]
2026-06-10 18:11:12,967	vi_speaker_merged	INFO	Train Epoch: 8 [69%]
2026-06-10 18:11:12,974	vi_speaker_merged	INFO	[1.909502625465393, 3.0097479820251465, 17.643924713134766, 17.7508544921875, 1.7310963869094849, 1.2845357656478882, 9600, 0.0002999250046875]
2026-06-10 18:17:45,685	vi_speaker_merged	INFO	Train Epoch: 8 [85%]
2026-06-10 18:17:45,691	vi_speaker_merged	INFO	[2.236860513687134, 2.9573848247528076, 16.583988189697266, 16.949214935302734, 1.7274198532104492, 1.4797899723052979, 9800, 0.0002999250046875]
2026-06-10 18:23:48,306	vi_speaker_merged	INFO	====> Epoch: 8
2026-06-10 18:24:27,084	vi_speaker_merged	INFO	Train Epoch: 9 [1%]
2026-06-10 18:24:27,227	vi_speaker_merged	INFO	[2.1053946018218994, 3.0751774311065674, 17.581104278564453, 17.646827697753906, 1.68684720993042, 1.5341269969940186, 10000, 0.00029988751406191406]
2026-06-10 18:32:54,378	vi_speaker_merged	INFO	Saving model and optimizer state at iteration 9 to ./logs/vi_speaker_merged/G_10000.pth
2026-06-10 18:33:56,378	vi_speaker_merged	INFO	Saving model and optimizer state at iteration 9 to ./logs/vi_speaker_merged/D_10000.pth
2026-06-10 18:34:58,281	vi_speaker_merged	INFO	Saving model and optimizer state at iteration 9 to ./logs/vi_speaker_merged/DUR_10000.pth
2026-06-10 18:35:00,265	vi_speaker_merged	INFO	.. Free up space by deleting ckpt ./logs/vi_speaker_merged/D_9000.pth
2026-06-10 18:41:37,349	vi_speaker_merged	INFO	Train Epoch: 9 [17%]
2026-06-10 18:41:38,660	vi_speaker_merged	INFO	[2.0117404460906982, 2.9870498180389404, 18.56981086730957, 16.8277530670166, 1.7067365646362305, 1.5394207239151, 10200, 0.00029988751406191406]
2026-06-10 18:48:28,705	vi_speaker_merged	INFO	Train Epoch: 9 [33%]
2026-06-10 18:48:28,859	vi_speaker_merged	INFO	[2.135946035385132, 2.9048984050750732, 18.469568252563477, 17.823230743408203, 1.621783971786499, 1.3718408346176147, 10400, 0.00029988751406191406]
2026-06-10 18:55:25,113	vi_speaker_merged	INFO	Train Epoch: 9 [49%]
2026-06-10 18:55:25,119	vi_speaker_merged	INFO	[2.335660219192505, 2.5843749046325684, 12.265531539916992, 13.363444328308105, 1.7060303688049316, 1.4955027103424072, 10600, 0.00029988751406191406]
2026-06-10 19:02:20,698	vi_speaker_merged	INFO	Train Epoch: 9 [65%]
2026-06-10 19:02:21,219	vi_speaker_merged	INFO	[2.385157585144043, 2.5662341117858887, 13.940536499023438, 14.033490180969238, 1.6794787645339966, 1.2592260837554932, 10800, 0.00029988751406191406]
2026-06-10 19:09:23,793	vi_speaker_merged	INFO	Train Epoch: 9 [81%]
2026-06-10 19:09:24,273	vi_speaker_merged	INFO	[2.0709428787231445, 2.7006967067718506, 16.79189109802246, 17.593647003173828, 1.6440703868865967, 1.2687016725540161, 11000, 0.00029988751406191406]
2026-06-10 19:16:35,000	vi_speaker_merged	INFO	Train Epoch: 9 [97%]
2026-06-10 19:16:35,802	vi_speaker_merged	INFO	[2.315289258956909, 2.3260297775268555, 12.472079277038574, 13.6494140625, 1.6992361545562744, 1.3934980630874634, 11200, 0.00029988751406191406]
2026-06-10 19:17:35,405	vi_speaker_merged	INFO	====> Epoch: 9
2026-06-10 19:23:53,496	vi_speaker_merged	INFO	Train Epoch: 10 [13%]
2026-06-10 19:23:54,214	vi_speaker_merged	INFO	[2.115797519683838, 2.7420809268951416, 16.41804313659668, 15.827881813049316, 1.6921930313110352, 1.5917186737060547, 11400, 0.00029985002812265633]
2026-06-10 19:31:09,423	vi_speaker_merged	INFO	Train Epoch: 10 [29%]
2026-06-10 19:31:09,435	vi_speaker_merged	INFO	[2.1233327388763428, 2.728379011154175, 16.838436126708984, 17.865129470825195, 1.6929186582565308, 1.4648544788360596, 11600, 0.00029985002812265633]
2026-06-10 19:38:15,527	vi_speaker_merged	INFO	Train Epoch: 10 [46%]
2026-06-10 19:38:15,536	vi_speaker_merged	INFO	[2.077402353286743, 2.876699447631836, 18.429746627807617, 16.829317092895508, 1.6344085931777954, 0.9389724731445312, 11800, 0.00029985002812265633]
2026-06-10 19:45:12,092	vi_speaker_merged	INFO	Train Epoch: 10 [62%]
2026-06-10 19:45:12,094	vi_speaker_merged	INFO	[2.237288236618042, 2.812861680984497, 15.487558364868164, 15.257803916931152, 1.7464462518692017, 1.4052468538284302, 12000, 0.00029985002812265633]
2026-06-10 19:53:56,689	vi_speaker_merged	INFO	Saving model and optimizer state at iteration 10 to ./logs/vi_speaker_merged/G_12000.pth
2026-06-10 19:55:08,266	vi_speaker_merged	INFO	Saving model and optimizer state at iteration 10 to ./logs/vi_speaker_merged/D_12000.pth
2026-06-10 19:56:33,438	vi_speaker_merged	INFO	Saving model and optimizer state at iteration 10 to ./logs/vi_speaker_merged/DUR_12000.pth
2026-06-10 19:56:33,501	vi_speaker_merged	INFO	.. Free up space by deleting ckpt ./logs/vi_speaker_merged/DUR_9000.pth
2026-06-10 19:56:33,505	vi_speaker_merged	INFO	.. Free up space by deleting ckpt ./logs/vi_speaker_merged/D_8000.pth
2026-06-10 20:03:15,726	vi_speaker_merged	INFO	Train Epoch: 10 [78%]
2026-06-10 20:03:15,729	vi_speaker_merged	INFO	[2.101247549057007, 2.7041516304016113, 16.01736831665039, 15.836578369140625, 1.687058448791504, 1.5709261894226074, 12200, 0.00029985002812265633]
2026-06-10 20:10:21,170	vi_speaker_merged	INFO	Train Epoch: 10 [94%]
2026-06-10 20:10:21,211	vi_speaker_merged	INFO	[2.109182119369507, 2.784635305404663, 15.56123161315918, 16.757822036743164, 1.6981239318847656, 1.5231506824493408, 12400, 0.00029985002812265633]
2026-06-10 20:13:03,184	vi_speaker_merged	INFO	====> Epoch: 10
2026-06-10 20:17:34,448	vi_speaker_merged	INFO	Train Epoch: 11 [10%]
2026-06-10 20:17:34,455	vi_speaker_merged	INFO	[2.127899408340454, 2.718580484390259, 16.47394371032715, 15.645834922790527, 1.680342435836792, 1.37501859664917, 12600, 0.000299812546869141]
2026-06-10 20:25:13,275	vi_speaker_merged	INFO	Train Epoch: 11 [26%]
2026-06-10 20:25:13,287	vi_speaker_merged	INFO	[2.0966198444366455, 2.8313310146331787, 17.86631202697754, 17.34825325012207, 1.7187321186065674, 1.6489882469177246, 12800, 0.000299812546869141]
2026-06-10 20:32:45,748	vi_speaker_merged	INFO	Train Epoch: 11 [42%]
2026-06-10 20:32:45,751	vi_speaker_merged	INFO	[2.1858506202697754, 2.7574715614318848, 15.83077621459961, 16.265600204467773, 1.7038064002990723, 1.54723060131073, 13000, 0.000299812546869141]
2026-06-11 05:52:03,901	vi_speaker_merged	INFO	{'train': {'log_interval': 200, 'eval_interval': 2000, 'seed': 52, 'epochs': 10000, 'learning_rate': 0.0003, 'betas': [0.8, 0.99], 'eps': 1e-09, 'batch_size': 8, 'fp16_run': False, 'lr_decay': 0.999875, 'segment_size': 16384, 'init_lr_ratio': 1, 'warmup_epochs': 0, 'c_mel': 45, 'c_kl': 1.0, 'skip_optimizer': True, 'device': 'cuda:0'}, 'data': {'training_files': '/content/vits2-melo/melo/data/vi_speaker_44100_merged/train.list', 'validation_files': '/content/vits2-melo/melo/data/vi_speaker_44100_merged/val.list', 'max_wav_value': 32768.0, 'sampling_rate': 44100, 'filter_length': 2048, 'hop_length': 512, 'win_length': 2048, 'n_mel_channels': 128, 'mel_fmin': 0.0, 'mel_fmax': None, 'add_blank': True, 'n_speakers': 256, 'cleaned_text': True, 'spk2id': {'VI-default': 0}}, 'model': {'use_spk_conditioned_encoder': True, 'use_noise_scaled_mas': True, 'use_mel_posterior_encoder': False, 'use_duration_discriminator': True, 'inter_channels': 192, 'hidden_channels': 192, 'filter_channels': 768, 'n_heads': 2, 'n_layers': 6, 'n_layers_trans_flow': 3, 'kernel_size': 3, 'p_dropout': 0.1, 'resblock': '1', 'resblock_kernel_sizes': [3, 7, 11], 'resblock_dilation_sizes': [[1, 3, 5], [1, 3, 5], [1, 3, 5]], 'upsample_rates': [8, 8, 2, 2, 2], 'upsample_initial_channel': 512, 'upsample_kernel_sizes': [16, 16, 8, 2, 2], 'n_layers_q': 3, 'use_spectral_norm': False, 'gin_channels': 256}, 'device': 'cuda:0', 'num_languages': 10, 'num_tones': 24, 'symbols': ['_', '"', '(', ')', '*', '/', ':', 'AA', 'E', 'EE', 'En', 'N', 'OO', 'Q', 'V', '[', '\\', ']', '^', 'a', 'a:', 'aa', 'ae', 'ah', 'ai', 'an', 'ang', 'ao', 'aw', 'ay', 'b', 'by', 'c', 'ch', 'd', 'dh', 'dy', 'e', 'e:', 'eh', 'ei', 'en', 'eng', 'er', 'ey', 'f', 'g', 'gy', 'h', 'hh', 'hy', 'i', 'i0', 'i:', 'ia', 'ian', 'iang', 'iao', 'ie', 'ih', 'in', 'ing', 'iong', 'ir', 'iu', 'iy', 'j', 'jh', 'k', 'ky', 'l', 'm', 'my', 'n', 'ng', 'ny', 'o', 'o:', 'ong', 'ou', 'ow', 'oy', 'p', 'py', 'q', 'r', 'ry', 's', 'sh', 't', 'th', 'ts', 'ty', 'u', 'u:', 'ua', 'uai', 'uan', 'uang', 'uh', 'ui', 'un', 'uo', 'uw', 'v', 'van', 've', 'vn', 'w', 'x', 'y', 'z', 'zh', 'zy', '~', '¡', '¿', 'æ', 'ç', 'ð', 'ø', 'ŋ', 'œ', 'ɐ', 'ɑ', 'ɒ', 'ɔ', 'ɕ', 'ə', 'ɛ', 'ɜ', 'ɡ', 'ɣ', 'ɥ', 'ɦ', 'ɪ', 'ɫ', 'ɬ', 'ɭ', 'ɯ', 'ɲ', 'ɵ', 'ɸ', 'ɹ', 'ɾ', 'ʁ', 'ʃ', 'ʊ', 'ʌ', 'ʎ', 'ʏ', 'ʑ', 'ʒ', 'ʝ', 'ʲ', 'ˈ', 'ˌ', 'ː', '̃', '̩', 'β', 'θ', 'ᄀ', 'k͡p', 'ˈa', 'ɤ', 'ˈɛ', 'ˈi', 'ă', 'ˈe', 'ʔ', 'ŋ͡m', 'tʰ', 'ɤ̆', 'ᄌ', 'ᄍ', 'ᄎ', 'ᄏ', 'ᄐ', 'ᄑ', 'ᄒ', 'ᅡ', 'ᅢ', 'ᅣ', 'ᅤ', 'ᅥ', 'ᅦ', 'ᅧ', 'ᅨ', 'ᅩ', 'ᅪ', 'ᅫ', 'ᅬ', 'ᅭ', 'ᅮ', 'ᅯ', 'ᅰ', 'ᅱ', 'ᅲ', 'ᅳ', 'ᅴ', 'ᅵ', 'ᆨ', 'ᆫ', 'ᆮ', 'ᆯ', 'ᆷ', 'ᆸ', 'ᆼ', 'ㄸ', '!', '?', '…', ',', '.', "'", '-', 'SP', 'UNK'], 'model_dir': './logs/vi_speaker_merged', 'pretrain_G': None, 'pretrain_D': None, 'pretrain_dur': None, 'port': 10000}
2026-06-11 05:52:03,905	vi_speaker_merged	WARNING	/content/vits2-melo/melo is not a git repository, therefore hash value comparison will be ignored.
2026-06-11 05:52:09,553	vi_speaker_merged	INFO	Loaded checkpoint './logs/vi_speaker_merged/DUR_12000.pth' (iteration 10)
2026-06-11 05:52:12,711	vi_speaker_merged	INFO	Loaded checkpoint './logs/vi_speaker_merged/G_12000.pth' (iteration 10)
2026-06-11 05:52:14,956	vi_speaker_merged	INFO	Loaded checkpoint './logs/vi_speaker_merged/D_12000.pth' (iteration 10)
2026-06-11 05:59:43,988	vi_speaker_merged	INFO	Train Epoch: 10 [13%]
2026-06-11 05:59:43,992	vi_speaker_merged	INFO	[2.2718939781188965, 2.8700361251831055, 18.649829864501953, 16.509157180786133, 1.6566115617752075, 1.2662180662155151, 11400, 0.0003]
2026-06-11 06:07:08,306	vi_speaker_merged	INFO	Train Epoch: 10 [29%]
2026-06-11 06:07:08,315	vi_speaker_merged	INFO	[2.1208853721618652, 3.0069260597229004, 17.232860565185547, 16.047544479370117, 1.7101271152496338, 1.7339621782302856, 11600, 0.0003]
2026-06-11 06:14:14,766	vi_speaker_merged	INFO	Train Epoch: 10 [46%]
2026-06-11 06:14:14,772	vi_speaker_merged	INFO	[1.9261021614074707, 3.032557487487793, 18.402774810791016, 18.59148406982422, 1.6627185344696045, 1.2957454919815063, 11800, 0.0003]
2026-06-11 06:21:18,521	vi_speaker_merged	INFO	Train Epoch: 10 [62%]
2026-06-11 06:21:18,526	vi_speaker_merged	INFO	[2.1206092834472656, 2.791611671447754, 14.823259353637695, 14.864519119262695, 1.732174038887024, 1.4972097873687744, 12000, 0.0003]
2026-06-11 06:32:46,135	vi_speaker_merged	INFO	Saving model and optimizer state at iteration 10 to ./logs/vi_speaker_merged/G_12000.pth
2026-06-11 06:33:50,954	vi_speaker_merged	INFO	Saving model and optimizer state at iteration 10 to ./logs/vi_speaker_merged/D_12000.pth
2026-06-11 06:35:05,996	vi_speaker_merged	INFO	Saving model and optimizer state at iteration 10 to ./logs/vi_speaker_merged/DUR_12000.pth
2026-06-11 06:42:31,430	vi_speaker_merged	INFO	Train Epoch: 10 [78%]
2026-06-11 06:42:31,439	vi_speaker_merged	INFO	[2.2146682739257812, 3.1069467067718506, 18.112567901611328, 17.900768280029297, 1.6796760559082031, 1.2037538290023804, 12200, 0.0003]
2026-06-11 06:49:59,050	vi_speaker_merged	INFO	Train Epoch: 10 [94%]
2026-06-11 06:49:59,054	vi_speaker_merged	INFO	[2.111198663711548, 2.986647605895996, 16.54029655456543, 16.192501068115234, 1.6972802877426147, 1.1682573556900024, 12400, 0.0003]
2026-06-11 06:52:50,817	vi_speaker_merged	INFO	====> Epoch: 10
2026-06-11 06:57:23,854	vi_speaker_merged	INFO	Train Epoch: 11 [10%]
2026-06-11 06:57:23,859	vi_speaker_merged	INFO	[2.1550142765045166, 2.5913331508636475, 15.020397186279297, 15.882027626037598, 1.659247875213623, 1.5237199068069458, 12600, 0.0002999625]
2026-06-11 07:04:49,777	vi_speaker_merged	INFO	Train Epoch: 11 [26%]
2026-06-11 07:04:49,780	vi_speaker_merged	INFO	[1.7685338258743286, 3.192744731903076, 19.50433349609375, 18.512311935424805, 1.6706371307373047, 1.654296875, 12800, 0.0002999625]
2026-06-11 07:12:17,011	vi_speaker_merged	INFO	Train Epoch: 11 [42%]
2026-06-11 07:12:17,014	vi_speaker_merged	INFO	[2.0163795948028564, 3.037158489227295, 18.12371063232422, 17.086692810058594, 1.6430602073669434, 1.5847046375274658, 13000, 0.0002999625]
2026-06-11 07:19:39,808	vi_speaker_merged	INFO	Train Epoch: 11 [58%]
2026-06-11 07:19:39,811	vi_speaker_merged	INFO	[2.0613460540771484, 3.085721015930176, 19.12761116027832, 18.220619201660156, 1.6406426429748535, 1.475844383239746, 13200, 0.0002999625]
2026-06-11 07:26:40,440	vi_speaker_merged	INFO	Train Epoch: 11 [74%]
2026-06-11 07:26:40,444	vi_speaker_merged	INFO	[2.3158202171325684, 2.586012363433838, 14.301538467407227, 14.803466796875, 1.6538467407226562, 1.2305279970169067, 13400, 0.0002999625]
2026-06-11 07:33:41,901	vi_speaker_merged	INFO	Train Epoch: 11 [90%]
2026-06-11 07:33:41,904	vi_speaker_merged	INFO	[1.9936093091964722, 3.214366912841797, 18.80641746520996, 17.311315536499023, 1.6301097869873047, 1.127724528312683, 13600, 0.0002999625]
2026-06-11 07:38:10,719	vi_speaker_merged	INFO	====> Epoch: 11
2026-06-11 07:41:00,960	vi_speaker_merged	INFO	Train Epoch: 12 [6%]
2026-06-11 07:41:00,996	vi_speaker_merged	INFO	[2.244581699371338, 2.680936098098755, 16.821365356445312, 17.321353912353516, 1.6630711555480957, 1.1209551095962524, 13800, 0.0002999250046875]
2026-06-11 07:48:27,630	vi_speaker_merged	INFO	Train Epoch: 12 [22%]
2026-06-11 07:48:27,639	vi_speaker_merged	INFO	[2.3443729877471924, 2.6401548385620117, 12.736687660217285, 14.180084228515625, 1.6846667528152466, 1.331107497215271, 14000, 0.0002999250046875]
2026-06-11 07:58:29,091	vi_speaker_merged	INFO	Saving model and optimizer state at iteration 12 to ./logs/vi_speaker_merged/G_14000.pth
2026-06-11 07:59:44,613	vi_speaker_merged	INFO	Saving model and optimizer state at iteration 12 to ./logs/vi_speaker_merged/D_14000.pth
2026-06-11 08:00:58,503	vi_speaker_merged	INFO	Saving model and optimizer state at iteration 12 to ./logs/vi_speaker_merged/DUR_14000.pth
2026-06-11 08:08:52,512	vi_speaker_merged	INFO	Train Epoch: 12 [38%]
2026-06-11 08:08:52,551	vi_speaker_merged	INFO	[2.120185136795044, 3.012320041656494, 14.416810035705566, 15.278974533081055, 1.6696580648422241, 1.4752999544143677, 14200, 0.0002999250046875]
2026-06-11 08:17:17,754	vi_speaker_merged	INFO	Train Epoch: 12 [54%]
2026-06-11 08:17:19,754	vi_speaker_merged	INFO	[1.9384186267852783, 3.013892889022827, 19.050769805908203, 17.43177604675293, 1.6982134580612183, 1.4616986513137817, 14400, 0.0002999250046875]
2026-06-11 08:25:33,708	vi_speaker_merged	INFO	Train Epoch: 12 [70%]
2026-06-11 08:25:36,311	vi_speaker_merged	INFO	[2.093142509460449, 2.7606568336486816, 18.60066032409668, 16.563365936279297, 1.6604392528533936, 1.5200778245925903, 14600, 0.0002999250046875]
2026-06-11 08:33:55,455	vi_speaker_merged	INFO	Train Epoch: 12 [86%]
2026-06-11 08:33:56,200	vi_speaker_merged	INFO	[2.1251912117004395, 2.9025449752807617, 16.098527908325195, 16.445838928222656, 1.707482933998108, 1.443798542022705, 14800, 0.0002999250046875]
2026-06-11 08:41:21,067	vi_speaker_merged	INFO	====> Epoch: 12
2026-06-11 08:42:29,570	vi_speaker_merged	INFO	Train Epoch: 13 [2%]
2026-06-11 08:42:30,828	vi_speaker_merged	INFO	[1.9699503183364868, 3.195906162261963, 17.893375396728516, 17.754478454589844, 1.6539223194122314, 1.4765461683273315, 15000, 0.00029988751406191406]
2026-06-11 08:50:52,803	vi_speaker_merged	INFO	Train Epoch: 13 [18%]
2026-06-11 08:50:55,688	vi_speaker_merged	INFO	[2.1953864097595215, 2.956362724304199, 17.550405502319336, 16.597496032714844, 1.6773040294647217, 1.4066665172576904, 15200, 0.00029988751406191406]
2026-06-11 08:59:33,319	vi_speaker_merged	INFO	Train Epoch: 13 [34%]
2026-06-11 08:59:34,326	vi_speaker_merged	INFO	[2.0477793216705322, 3.3536715507507324, 19.147724151611328, 18.318470001220703, 1.7198940515518188, 1.232185959815979, 15400, 0.00029988751406191406]
2026-06-11 09:07:52,698	vi_speaker_merged	INFO	Train Epoch: 13 [50%]
2026-06-11 09:07:55,323	vi_speaker_merged	INFO	[2.1997780799865723, 2.6633808612823486, 14.748419761657715, 16.069204330444336, 1.7314817905426025, 1.3502593040466309, 15600, 0.00029988751406191406]
2026-06-11 09:16:06,489	vi_speaker_merged	INFO	Train Epoch: 13 [66%]
2026-06-11 09:16:08,076	vi_speaker_merged	INFO	[2.195828437805176, 2.947413206100464, 15.231773376464844, 15.63432788848877, 1.6971378326416016, 1.4156336784362793, 15800, 0.00029988751406191406]
2026-06-11 09:24:25,955	vi_speaker_merged	INFO	Train Epoch: 13 [82%]
2026-06-11 09:24:25,963	vi_speaker_merged	INFO	[2.193194627761841, 2.9278578758239746, 16.25200080871582, 16.276567459106445, 1.692181944847107, 1.3412317037582397, 16000, 0.00029988751406191406]
2026-06-11 09:33:54,383	vi_speaker_merged	INFO	Saving model and optimizer state at iteration 13 to ./logs/vi_speaker_merged/G_16000.pth
2026-06-11 09:35:05,699	vi_speaker_merged	INFO	Saving model and optimizer state at iteration 13 to ./logs/vi_speaker_merged/D_16000.pth
2026-06-11 09:36:29,594	vi_speaker_merged	INFO	Saving model and optimizer state at iteration 13 to ./logs/vi_speaker_merged/DUR_16000.pth
2026-06-11 09:36:29,663	vi_speaker_merged	INFO	.. Free up space by deleting ckpt ./logs/vi_speaker_merged/D_12000.pth
2026-06-11 09:44:11,076	vi_speaker_merged	INFO	Train Epoch: 13 [98%]
2026-06-11 09:44:12,912	vi_speaker_merged	INFO	[2.079946994781494, 3.0942280292510986, 16.83601188659668, 16.61707305908203, 1.71028733253479, 1.412761926651001, 16200, 0.00029988751406191406]
2026-06-11 09:45:04,723	vi_speaker_merged	INFO	====> Epoch: 13
2026-06-11 09:52:54,763	vi_speaker_merged	INFO	Train Epoch: 14 [14%]
2026-06-11 09:52:55,068	vi_speaker_merged	INFO	[2.331045627593994, 2.750032901763916, 16.74092674255371, 16.727079391479492, 1.7032809257507324, 1.4553146362304688, 16400, 0.00029985002812265633]
2026-06-12 01:36:18,139	vi_speaker_merged	INFO	{'train': {'log_interval': 200, 'eval_interval': 2000, 'seed': 52, 'epochs': 10000, 'learning_rate': 0.0003, 'betas': [0.8, 0.99], 'eps': 1e-09, 'batch_size': 8, 'fp16_run': False, 'lr_decay': 0.999875, 'segment_size': 16384, 'init_lr_ratio': 1, 'warmup_epochs': 0, 'c_mel': 45, 'c_kl': 1.0, 'skip_optimizer': True, 'device': 'cuda:0'}, 'data': {'training_files': '/content/vits2-melo/melo/data/vi_speaker_44100_merged/train.list', 'validation_files': '/content/vits2-melo/melo/data/vi_speaker_44100_merged/val.list', 'max_wav_value': 32768.0, 'sampling_rate': 44100, 'filter_length': 2048, 'hop_length': 512, 'win_length': 2048, 'n_mel_channels': 128, 'mel_fmin': 0.0, 'mel_fmax': None, 'add_blank': True, 'n_speakers': 256, 'cleaned_text': True, 'spk2id': {'VI-default': 0}}, 'model': {'use_spk_conditioned_encoder': True, 'use_noise_scaled_mas': True, 'use_mel_posterior_encoder': False, 'use_duration_discriminator': True, 'inter_channels': 192, 'hidden_channels': 192, 'filter_channels': 768, 'n_heads': 2, 'n_layers': 6, 'n_layers_trans_flow': 3, 'kernel_size': 3, 'p_dropout': 0.1, 'resblock': '1', 'resblock_kernel_sizes': [3, 7, 11], 'resblock_dilation_sizes': [[1, 3, 5], [1, 3, 5], [1, 3, 5]], 'upsample_rates': [8, 8, 2, 2, 2], 'upsample_initial_channel': 512, 'upsample_kernel_sizes': [16, 16, 8, 2, 2], 'n_layers_q': 3, 'use_spectral_norm': False, 'gin_channels': 256}, 'device': 'cuda:0', 'num_languages': 10, 'num_tones': 24, 'symbols': ['_', '"', '(', ')', '*', '/', ':', 'AA', 'E', 'EE', 'En', 'N', 'OO', 'Q', 'V', '[', '\\', ']', '^', 'a', 'a:', 'aa', 'ae', 'ah', 'ai', 'an', 'ang', 'ao', 'aw', 'ay', 'b', 'by', 'c', 'ch', 'd', 'dh', 'dy', 'e', 'e:', 'eh', 'ei', 'en', 'eng', 'er', 'ey', 'f', 'g', 'gy', 'h', 'hh', 'hy', 'i', 'i0', 'i:', 'ia', 'ian', 'iang', 'iao', 'ie', 'ih', 'in', 'ing', 'iong', 'ir', 'iu', 'iy', 'j', 'jh', 'k', 'ky', 'l', 'm', 'my', 'n', 'ng', 'ny', 'o', 'o:', 'ong', 'ou', 'ow', 'oy', 'p', 'py', 'q', 'r', 'ry', 's', 'sh', 't', 'th', 'ts', 'ty', 'u', 'u:', 'ua', 'uai', 'uan', 'uang', 'uh', 'ui', 'un', 'uo', 'uw', 'v', 'van', 've', 'vn', 'w', 'x', 'y', 'z', 'zh', 'zy', '~', '¡', '¿', 'æ', 'ç', 'ð', 'ø', 'ŋ', 'œ', 'ɐ', 'ɑ', 'ɒ', 'ɔ', 'ɕ', 'ə', 'ɛ', 'ɜ', 'ɡ', 'ɣ', 'ɥ', 'ɦ', 'ɪ', 'ɫ', 'ɬ', 'ɭ', 'ɯ', 'ɲ', 'ɵ', 'ɸ', 'ɹ', 'ɾ', 'ʁ', 'ʃ', 'ʊ', 'ʌ', 'ʎ', 'ʏ', 'ʑ', 'ʒ', 'ʝ', 'ʲ', 'ˈ', 'ˌ', 'ː', '̃', '̩', 'β', 'θ', 'ᄀ', 'k͡p', 'ˈa', 'ɤ', 'ˈɛ', 'ˈi', 'ă', 'ˈe', 'ʔ', 'ŋ͡m', 'tʰ', 'ɤ̆', 'ᄌ', 'ᄍ', 'ᄎ', 'ᄏ', 'ᄐ', 'ᄑ', 'ᄒ', 'ᅡ', 'ᅢ', 'ᅣ', 'ᅤ', 'ᅥ', 'ᅦ', 'ᅧ', 'ᅨ', 'ᅩ', 'ᅪ', 'ᅫ', 'ᅬ', 'ᅭ', 'ᅮ', 'ᅯ', 'ᅰ', 'ᅱ', 'ᅲ', 'ᅳ', 'ᅴ', 'ᅵ', 'ᆨ', 'ᆫ', 'ᆮ', 'ᆯ', 'ᆷ', 'ᆸ', 'ᆼ', 'ㄸ', '!', '?', '…', ',', '.', "'", '-', 'SP', 'UNK'], 'model_dir': './logs/vi_speaker_merged', 'pretrain_G': None, 'pretrain_D': None, 'pretrain_dur': None, 'port': 10000}
2026-06-12 01:36:18,140	vi_speaker_merged	WARNING	/content/vits2-melo/melo is not a git repository, therefore hash value comparison will be ignored.
2026-06-12 01:36:22,426	vi_speaker_merged	INFO	Loaded checkpoint './logs/vi_speaker_merged/DUR_20000.pth' (iteration 17)
2026-06-12 01:36:23,596	vi_speaker_merged	INFO	Loaded checkpoint './logs/vi_speaker_merged/G_20000.pth' (iteration 17)
2026-06-12 01:36:26,026	vi_speaker_merged	INFO	Loaded checkpoint './logs/vi_speaker_merged/D_20000.pth' (iteration 17)
2026-06-12 01:38:25,876	vi_speaker_merged	INFO	Train Epoch: 17 [3%]
2026-06-12 01:38:25,879	vi_speaker_merged	INFO	[2.0244550704956055, 3.073265314102173, 16.00482177734375, 16.360111236572266, 1.6701879501342773, 1.4669873714447021, 20000, 0.0003]
2026-06-12 01:49:10,972	vi_speaker_merged	INFO	Saving model and optimizer state at iteration 17 to ./logs/vi_speaker_merged/G_20000.pth
2026-06-12 01:49:25,348	vi_speaker_merged	INFO	Saving model and optimizer state at iteration 17 to ./logs/vi_speaker_merged/D_20000.pth
2026-06-12 01:49:38,570	vi_speaker_merged	INFO	Saving model and optimizer state at iteration 17 to ./logs/vi_speaker_merged/DUR_20000.pth
2026-06-12 01:57:00,513	vi_speaker_merged	INFO	Train Epoch: 17 [19%]
2026-06-12 01:57:00,517	vi_speaker_merged	INFO	[1.9166955947875977, 3.1402978897094727, 18.43150520324707, 18.468345642089844, 1.6392858028411865, 1.3143055438995361, 20200, 0.0003]
2026-06-12 02:03:50,439	vi_speaker_merged	INFO	Train Epoch: 17 [35%]
2026-06-12 02:03:50,443	vi_speaker_merged	INFO	[2.1638224124908447, 2.9936280250549316, 16.929460525512695, 16.21578025817871, 1.685660719871521, 1.266276478767395, 20400, 0.0003]
2026-06-12 02:10:27,161	vi_speaker_merged	INFO	Train Epoch: 17 [51%]
2026-06-12 02:10:27,171	vi_speaker_merged	INFO	[1.9529094696044922, 3.054852247238159, 15.975503921508789, 16.94394874572754, 1.5848753452301025, 1.2939814329147339, 20600, 0.0003]
2026-06-12 02:17:01,733	vi_speaker_merged	INFO	Train Epoch: 17 [67%]
2026-06-12 02:17:01,737	vi_speaker_merged	INFO	[2.0774779319763184, 2.889415740966797, 15.556791305541992, 16.44938850402832, 1.6673130989074707, 1.4021742343902588, 20800, 0.0003]
2026-06-12 02:23:33,239	vi_speaker_merged	INFO	Train Epoch: 17 [83%]
2026-06-12 02:23:33,241	vi_speaker_merged	INFO	[2.0789458751678467, 2.911112070083618, 15.95691204071045, 15.980602264404297, 1.6887285709381104, 1.360193133354187, 21000, 0.0003]
2026-06-12 02:29:59,525	vi_speaker_merged	INFO	Train Epoch: 17 [99%]
2026-06-12 02:29:59,529	vi_speaker_merged	INFO	[2.0897936820983887, 2.687455177307129, 16.292720794677734, 17.833942413330078, 1.630590796470642, 1.2920739650726318, 21200, 0.0003]
2026-06-12 02:30:27,872	vi_speaker_merged	INFO	====> Epoch: 17
2026-06-12 02:36:40,416	vi_speaker_merged	INFO	Train Epoch: 18 [15%]
2026-06-12 02:36:40,421	vi_speaker_merged	INFO	[2.056950330734253, 3.2170045375823975, 16.2736873626709, 16.313173294067383, 1.6639223098754883, 1.1377058029174805, 21400, 0.0002999625]
2026-06-12 02:43:19,796	vi_speaker_merged	INFO	Train Epoch: 18 [31%]
2026-06-12 02:43:19,804	vi_speaker_merged	INFO	[2.0789785385131836, 3.003805160522461, 19.22091293334961, 18.08095932006836, 1.7576282024383545, 1.4720820188522339, 21600, 0.0002999625]
2026-06-12 02:50:01,250	vi_speaker_merged	INFO	Train Epoch: 18 [47%]
2026-06-12 02:50:01,256	vi_speaker_merged	INFO	[1.9933311939239502, 2.936345338821411, 15.413612365722656, 15.126701354980469, 1.660020351409912, 1.2746981382369995, 21800, 0.0002999625]
2026-06-12 02:56:39,996	vi_speaker_merged	INFO	Train Epoch: 18 [63%]
2026-06-12 02:56:40,009	vi_speaker_merged	INFO	[2.1537227630615234, 2.9547343254089355, 19.26966667175293, 17.564254760742188, 1.62412428855896, 1.3916245698928833, 22000, 0.0002999625]
2026-06-12 03:06:24,662	vi_speaker_merged	INFO	Saving model and optimizer state at iteration 18 to ./logs/vi_speaker_merged/G_22000.pth
2026-06-12 03:07:11,239	vi_speaker_merged	INFO	Saving model and optimizer state at iteration 18 to ./logs/vi_speaker_merged/D_22000.pth
2026-06-12 03:08:06,379	vi_speaker_merged	INFO	Saving model and optimizer state at iteration 18 to ./logs/vi_speaker_merged/DUR_22000.pth
2026-06-12 03:14:50,567	vi_speaker_merged	INFO	Train Epoch: 18 [79%]
2026-06-12 03:14:50,577	vi_speaker_merged	INFO	[2.0381345748901367, 3.0129997730255127, 16.622386932373047, 16.639604568481445, 1.6847656965255737, 1.4555027484893799, 22200, 0.0002999625]
2026-06-12 03:21:37,913	vi_speaker_merged	INFO	Train Epoch: 18 [95%]
2026-06-12 03:21:37,922	vi_speaker_merged	INFO	[1.9310870170593262, 2.931682586669922, 19.202556610107422, 19.114601135253906, 1.7154953479766846, 1.5375447273254395, 22400, 0.0002999625]
2026-06-12 03:23:47,891	vi_speaker_merged	INFO	====> Epoch: 18
2026-06-12 03:28:31,221	vi_speaker_merged	INFO	Train Epoch: 19 [11%]
2026-06-12 03:28:31,229	vi_speaker_merged	INFO	[1.7235755920410156, 3.2634193897247314, 19.22892951965332, 17.451358795166016, 1.6670172214508057, 1.4698173999786377, 22600, 0.0002999250046875]
2026-06-12 03:35:19,393	vi_speaker_merged	INFO	Train Epoch: 19 [27%]
2026-06-12 03:35:19,399	vi_speaker_merged	INFO	[2.0932435989379883, 2.9264328479766846, 16.00592041015625, 17.14897918701172, 1.641961693763733, 1.375404953956604, 22800, 0.0002999250046875]
2026-06-12 03:42:00,479	vi_speaker_merged	INFO	Train Epoch: 19 [43%]
2026-06-12 03:42:00,483	vi_speaker_merged	INFO	[2.0314157009124756, 2.866983413696289, 15.742377281188965, 15.504637718200684, 1.729443907737732, 1.31662118434906, 23000, 0.0002999250046875]
2026-06-12 03:48:44,292	vi_speaker_merged	INFO	Train Epoch: 19 [59%]
2026-06-12 03:48:44,299	vi_speaker_merged	INFO	[1.8698536157608032, 3.2018253803253174, 18.86756134033203, 18.371925354003906, 1.623970866203308, 1.430833101272583, 23200, 0.0002999250046875]
2026-06-12 03:55:32,207	vi_speaker_merged	INFO	Train Epoch: 19 [75%]
2026-06-12 03:55:32,211	vi_speaker_merged	INFO	[2.1069657802581787, 2.9496569633483887, 16.64166831970215, 16.855266571044922, 1.6796691417694092, 1.122420072555542, 23400, 0.0002999250046875]
2026-06-12 04:02:17,441	vi_speaker_merged	INFO	Train Epoch: 19 [91%]
2026-06-12 04:02:17,450	vi_speaker_merged	INFO	[1.895930290222168, 3.3339977264404297, 17.269468307495117, 17.66193962097168, 1.6600021123886108, 1.452375888824463, 23600, 0.0002999250046875]
2026-06-12 04:06:00,947	vi_speaker_merged	INFO	====> Epoch: 19
2026-06-12 04:09:09,034	vi_speaker_merged	INFO	Train Epoch: 20 [7%]
2026-06-12 04:09:09,035	vi_speaker_merged	INFO	[1.9845116138458252, 3.133671760559082, 16.77263069152832, 16.639936447143555, 1.7072010040283203, 1.4538010358810425, 23800, 0.00029988751406191406]
2026-06-12 04:15:56,500	vi_speaker_merged	INFO	Train Epoch: 20 [23%]
2026-06-12 04:15:56,503	vi_speaker_merged	INFO	[2.1071529388427734, 3.2432467937469482, 18.024593353271484, 17.703834533691406, 1.6079375743865967, 1.444404125213623, 24000, 0.00029988751406191406]
2026-06-12 04:25:07,488	vi_speaker_merged	INFO	Saving model and optimizer state at iteration 20 to ./logs/vi_speaker_merged/G_24000.pth
2026-06-12 04:26:05,524	vi_speaker_merged	INFO	Saving model and optimizer state at iteration 20 to ./logs/vi_speaker_merged/D_24000.pth
2026-06-12 04:27:06,340	vi_speaker_merged	INFO	Saving model and optimizer state at iteration 20 to ./logs/vi_speaker_merged/DUR_24000.pth
2026-06-12 04:27:10,998	vi_speaker_merged	INFO	.. Free up space by deleting ckpt ./logs/vi_speaker_merged/D_20000.pth
2026-06-12 04:34:00,759	vi_speaker_merged	INFO	Train Epoch: 20 [39%]
2026-06-12 04:34:00,768	vi_speaker_merged	INFO	[2.214156150817871, 2.967811346054077, 20.342681884765625, 17.863445281982422, 1.7102805376052856, 1.076573133468628, 24200, 0.00029988751406191406]
2026-06-12 04:40:48,026	vi_speaker_merged	INFO	Train Epoch: 20 [55%]
2026-06-12 04:40:48,032	vi_speaker_merged	INFO	[2.2675912380218506, 3.0837526321411133, 16.133262634277344, 16.35929298400879, 1.6482000350952148, 1.2754791975021362, 24400, 0.00029988751406191406]
2026-06-12 04:47:40,358	vi_speaker_merged	INFO	Train Epoch: 20 [71%]
2026-06-12 04:47:40,361	vi_speaker_merged	INFO	[2.14023494720459, 2.8771867752075195, 15.532827377319336, 15.99571418762207, 1.7215280532836914, 1.4958560466766357, 24600, 0.00029988751406191406]
2026-06-12 04:54:31,760	vi_speaker_merged	INFO	Train Epoch: 20 [87%]
2026-06-12 04:54:31,762	vi_speaker_merged	INFO	[1.9858596324920654, 3.1432342529296875, 19.063356399536133, 17.895795822143555, 1.7013813257217407, 1.2143408060073853, 24800, 0.00029988751406191406]
2026-06-12 05:00:03,663	vi_speaker_merged	INFO	====> Epoch: 20
2026-06-12 05:01:35,356	vi_speaker_merged	INFO	Train Epoch: 21 [3%]
2026-06-12 05:01:37,774	vi_speaker_merged	INFO	[2.069489002227783, 2.9183197021484375, 15.425567626953125, 16.661237716674805, 1.6919474601745605, 1.3920177221298218, 25000, 0.00029985002812265633]
2026-06-12 05:08:33,117	vi_speaker_merged	INFO	Train Epoch: 21 [19%]
2026-06-12 05:08:33,125	vi_speaker_merged	INFO	[2.1000795364379883, 3.3656253814697266, 18.184898376464844, 17.411869049072266, 1.795962929725647, 1.1192790269851685, 25200, 0.00029985002812265633]
2026-06-12 05:15:19,676	vi_speaker_merged	INFO	Train Epoch: 21 [35%]
2026-06-12 05:15:19,678	vi_speaker_merged	INFO	[2.1720807552337646, 2.773021936416626, 15.606627464294434, 15.764602661132812, 1.695298194885254, 1.5560210943222046, 25400, 0.00029985002812265633]
2026-06-12 05:22:17,588	vi_speaker_merged	INFO	Train Epoch: 21 [51%]
2026-06-12 05:22:17,594	vi_speaker_merged	INFO	[1.9241819381713867, 3.2235631942749023, 18.566585540771484, 17.399049758911133, 1.631011724472046, 1.3393182754516602, 25600, 0.00029985002812265633]
2026-06-12 05:29:06,742	vi_speaker_merged	INFO	Train Epoch: 21 [67%]
2026-06-12 05:29:06,749	vi_speaker_merged	INFO	[1.9547863006591797, 2.920459032058716, 16.499975204467773, 16.126266479492188, 1.6276423931121826, 1.5445536375045776, 25800, 0.00029985002812265633]
2026-06-12 05:36:00,085	vi_speaker_merged	INFO	Train Epoch: 21 [83%]
2026-06-12 05:36:00,089	vi_speaker_merged	INFO	[2.2286760807037354, 2.6844630241394043, 16.485885620117188, 15.442584991455078, 1.614725947380066, 1.2016870975494385, 26000, 0.00029985002812265633]
2026-06-12 05:44:46,158	vi_speaker_merged	INFO	Saving model and optimizer state at iteration 21 to ./logs/vi_speaker_merged/G_26000.pth
2026-06-12 05:45:37,381	vi_speaker_merged	INFO	Saving model and optimizer state at iteration 21 to ./logs/vi_speaker_merged/D_26000.pth
2026-06-12 05:46:38,616	vi_speaker_merged	INFO	Saving model and optimizer state at iteration 21 to ./logs/vi_speaker_merged/DUR_26000.pth
2026-06-12 05:46:38,686	vi_speaker_merged	INFO	.. Free up space by deleting ckpt ./logs/vi_speaker_merged/DUR_20000.pth
2026-06-12 05:46:38,707	vi_speaker_merged	INFO	.. Free up space by deleting ckpt ./logs/vi_speaker_merged/D_22000.pth
2026-06-12 17:00:53,010	vi_speaker_456	INFO	{'train': {'log_interval': 200, 'eval_interval': 2000, 'seed': 52, 'epochs': 10000, 'learning_rate': 0.0003, 'betas': [0.8, 0.99], 'eps': 1e-09, 'batch_size': 8, 'fp16_run': False, 'lr_decay': 0.999875, 'segment_size': 16384, 'init_lr_ratio': 1, 'warmup_epochs': 0, 'c_mel': 45, 'c_kl': 1.0, 'skip_optimizer': True, 'device': 'cuda:0'}, 'data': {'training_files': '/content/vits2-melo/melo/data/vi_speaker_44100_456/train.list', 'validation_files': '/content/vits2-melo/melo/data/vi_speaker_44100_456/val.list', 'max_wav_value': 32768.0, 'sampling_rate': 44100, 'filter_length': 2048, 'hop_length': 512, 'win_length': 2048, 'n_mel_channels': 128, 'mel_fmin': 0.0, 'mel_fmax': None, 'add_blank': True, 'n_speakers': 256, 'cleaned_text': True, 'spk2id': {'VI-default': 0}}, 'model': {'use_spk_conditioned_encoder': True, 'use_noise_scaled_mas': True, 'use_mel_posterior_encoder': False, 'use_duration_discriminator': True, 'inter_channels': 192, 'hidden_channels': 192, 'filter_channels': 768, 'n_heads': 2, 'n_layers': 6, 'n_layers_trans_flow': 3, 'kernel_size': 3, 'p_dropout': 0.1, 'resblock': '1', 'resblock_kernel_sizes': [3, 7, 11], 'resblock_dilation_sizes': [[1, 3, 5], [1, 3, 5], [1, 3, 5]], 'upsample_rates': [8, 8, 2, 2, 2], 'upsample_initial_channel': 512, 'upsample_kernel_sizes': [16, 16, 8, 2, 2], 'n_layers_q': 3, 'use_spectral_norm': False, 'gin_channels': 256}, 'device': 'cuda:0', 'num_languages': 10, 'num_tones': 24, 'symbols': ['_', '"', '(', ')', '*', '/', ':', 'AA', 'E', 'EE', 'En', 'N', 'OO', 'Q', 'V', '[', '\\', ']', '^', 'a', 'a:', 'aa', 'ae', 'ah', 'ai', 'an', 'ang', 'ao', 'aw', 'ay', 'b', 'by', 'c', 'ch', 'd', 'dh', 'dy', 'e', 'e:', 'eh', 'ei', 'en', 'eng', 'er', 'ey', 'f', 'g', 'gy', 'h', 'hh', 'hy', 'i', 'i0', 'i:', 'ia', 'ian', 'iang', 'iao', 'ie', 'ih', 'in', 'ing', 'iong', 'ir', 'iu', 'iy', 'j', 'jh', 'k', 'ky', 'l', 'm', 'my', 'n', 'ng', 'ny', 'o', 'o:', 'ong', 'ou', 'ow', 'oy', 'p', 'py', 'q', 'r', 'ry', 's', 'sh', 't', 'th', 'ts', 'ty', 'u', 'u:', 'ua', 'uai', 'uan', 'uang', 'uh', 'ui', 'un', 'uo', 'uw', 'v', 'van', 've', 'vn', 'w', 'x', 'y', 'z', 'zh', 'zy', '~', '¡', '¿', 'æ', 'ç', 'ð', 'ø', 'ŋ', 'œ', 'ɐ', 'ɑ', 'ɒ', 'ɔ', 'ɕ', 'ə', 'ɛ', 'ɜ', 'ɡ', 'ɣ', 'ɥ', 'ɦ', 'ɪ', 'ɫ', 'ɬ', 'ɭ', 'ɯ', 'ɲ', 'ɵ', 'ɸ', 'ɹ', 'ɾ', 'ʁ', 'ʃ', 'ʊ', 'ʌ', 'ʎ', 'ʏ', 'ʑ', 'ʒ', 'ʝ', 'ʲ', 'ˈ', 'ˌ', 'ː', '̃', '̩', 'β', 'θ', 'ᄀ', 'k͡p', 'ˈa', 'ɤ', 'ˈɛ', 'ˈi', 'ă', 'ˈe', 'ʔ', 'ŋ͡m', 'tʰ', 'ɤ̆', 'ᄌ', 'ᄍ', 'ᄎ', 'ᄏ', 'ᄐ', 'ᄑ', 'ᄒ', 'ᅡ', 'ᅢ', 'ᅣ', 'ᅤ', 'ᅥ', 'ᅦ', 'ᅧ', 'ᅨ', 'ᅩ', 'ᅪ', 'ᅫ', 'ᅬ', 'ᅭ', 'ᅮ', 'ᅯ', 'ᅰ', 'ᅱ', 'ᅲ', 'ᅳ', 'ᅴ', 'ᅵ', 'ᆨ', 'ᆫ', 'ᆮ', 'ᆯ', 'ᆷ', 'ᆸ', 'ᆼ', 'ㄸ', '!', '?', '…', ',', '.', "'", '-', 'SP', 'UNK'], 'model_dir': './logs/vi_speaker_456', 'pretrain_G': None, 'pretrain_D': None, 'pretrain_dur': None, 'port': 10000}
2026-06-12 17:00:53,011	vi_speaker_456	WARNING	/content/vits2-melo/melo is not a git repository, therefore hash value comparison will be ignored.
2026-06-12 17:00:57,735	vi_speaker_456	INFO	Loaded checkpoint './logs/vi_speaker_456/DUR_26000.pth' (iteration 21)
2026-06-12 17:01:01,073	vi_speaker_456	INFO	Loaded checkpoint './logs/vi_speaker_456/G_26000.pth' (iteration 21)
2026-06-12 17:01:03,306	vi_speaker_456	INFO	Loaded checkpoint './logs/vi_speaker_456/D_26000.pth' (iteration 21)
2026-06-12 17:03:58,982	vi_speaker_456	INFO	Train Epoch: 21 [3%]
2026-06-12 17:03:58,985	vi_speaker_456	INFO	[20.03681755065918, 3.1195530891418457, 25.379722595214844, 22.652706146240234, 1.7795507907867432, 2.4474408626556396, 36400, 0.0003]
